[INFO] Scanning for projects...
[INFO] 
[INFO] ----------------------< com.marinboy:marinboy-v3 >----------------------
[INFO] Building marinboy-v3 0.0.1-SNAPSHOT
[INFO]   from pom.xml
[INFO] --------------------------------[ jar ]---------------------------------
[INFO] 
[INFO] >>> spring-boot:3.3.5:run (default-cli) > test-compile @ marinboy-v3 >>>
[INFO] 
[INFO] --- resources:3.3.1:resources (default-resources) @ marinboy-v3 ---
[INFO] Copying 4 resources from src\main\resources to target\classes
[INFO] Copying 34 resources from src\main\resources to target\classes
[INFO] 
[INFO] --- compiler:3.13.0:compile (default-compile) @ marinboy-v3 ---
[INFO] Nothing to compile - all classes are up to date.
[INFO] 
[INFO] --- resources:3.3.1:testResources (default-testResources) @ marinboy-v3 ---
[INFO] skip non existing resourceDirectory C:\Users\tj-bu-703-21\OneDrive\Desktop\Marinboy_v3\src\test\resources
[INFO] 
[INFO] --- compiler:3.13.0:testCompile (default-testCompile) @ marinboy-v3 ---
[INFO] Nothing to compile - all classes are up to date.
[INFO] 
[INFO] <<< spring-boot:3.3.5:run (default-cli) < test-compile @ marinboy-v3 <<<
[INFO] 
[INFO] 
[INFO] --- spring-boot:3.3.5:run (default-cli) @ marinboy-v3 ---
[INFO] Attaching agents: []

  .   ____          _            __ _ _
 /\\ / ___'_ __ _ _(_)_ __  __ _ \ \ \ \
( ( )\___ | '_ | '_| | '_ \/ _` | \ \ \ \
 \\/  ___)| |_)| | | | | || (_| |  ) ) ) )
  '  |____| .__|_| |_|_| |_\__, | / / / /
 =========|_|==============|___/=/_/_/_/

 :: Spring Boot ::                (v3.3.5)

2026-08-12T17:40:09.959+09:00  INFO 4540 --- [marinboy-v3] [           main] com.marinboy.MarinboyApplication         : Starting MarinboyApplication using Java 21.0.11 with PID 4540 (C:\Users\tj-bu-703-21\OneDrive\Desktop\Marinboy_v3\target\classes started by tj-bu-703-21 in C:\Users\tj-bu-703-21\OneDrive\Desktop\Marinboy_v3)
2026-08-12T17:40:09.962+09:00  INFO 4540 --- [marinboy-v3] [           main] com.marinboy.MarinboyApplication         : The following 1 profile is active: "local"
2026-08-12T17:40:11.229+09:00  INFO 4540 --- [marinboy-v3] [           main] .s.d.r.c.RepositoryConfigurationDelegate : Multiple Spring Data modules found, entering strict repository configuration mode
2026-08-12T17:40:11.231+09:00  INFO 4540 --- [marinboy-v3] [           main] .s.d.r.c.RepositoryConfigurationDelegate : Bootstrapping Spring Data JPA repositories in DEFAULT mode.
2026-08-12T17:40:11.261+09:00  INFO 4540 --- [marinboy-v3] [           main] .s.d.r.c.RepositoryConfigurationDelegate : Finished Spring Data repository scanning in 20 ms. Found 0 JPA repository interfaces.
2026-08-12T17:40:11.294+09:00  INFO 4540 --- [marinboy-v3] [           main] .s.d.r.c.RepositoryConfigurationDelegate : Multiple Spring Data modules found, entering strict repository configuration mode
2026-08-12T17:40:11.295+09:00  INFO 4540 --- [marinboy-v3] [           main] .s.d.r.c.RepositoryConfigurationDelegate : Bootstrapping Spring Data Redis repositories in DEFAULT mode.
2026-08-12T17:40:11.317+09:00  INFO 4540 --- [marinboy-v3] [           main] .s.d.r.c.RepositoryConfigurationDelegate : Finished Spring Data repository scanning in 11 ms. Found 0 Redis repository interfaces.
2026-08-12T17:40:12.163+09:00  INFO 4540 --- [marinboy-v3] [           main] o.s.b.w.embedded.tomcat.TomcatWebServer  : Tomcat initialized with port 8081 (http)
2026-08-12T17:40:12.182+09:00  INFO 4540 --- [marinboy-v3] [           main] o.apache.catalina.core.StandardService   : Starting service [Tomcat]
2026-08-12T17:40:12.182+09:00  INFO 4540 --- [marinboy-v3] [           main] o.apache.catalina.core.StandardEngine    : Starting Servlet engine: [Apache Tomcat/10.1.31]
2026-08-12T17:40:12.271+09:00  INFO 4540 --- [marinboy-v3] [           main] o.a.c.c.C.[Tomcat].[localhost].[/]       : Initializing Spring embedded WebApplicationContext
2026-08-12T17:40:12.273+09:00  INFO 4540 --- [marinboy-v3] [           main] w.s.c.ServletWebServerApplicationContext : Root WebApplicationContext: initialization completed in 2242 ms
2026-08-12T17:40:12.632+09:00  INFO 4540 --- [marinboy-v3] [           main] o.hibernate.jpa.internal.util.LogHelper  : HHH000204: Processing PersistenceUnitInfo [name: default]
2026-08-12T17:40:12.733+09:00  INFO 4540 --- [marinboy-v3] [           main] org.hibernate.Version                    : HHH000412: Hibernate ORM core version 6.5.3.Final
2026-08-12T17:40:12.785+09:00  INFO 4540 --- [marinboy-v3] [           main] o.h.c.internal.RegionFactoryInitiator    : HHH000026: Second-level cache disabled
2026-08-12T17:40:13.220+09:00  INFO 4540 --- [marinboy-v3] [           main] o.s.o.j.p.SpringPersistenceUnitInfo      : No LoadTimeWeaver setup: ignoring JPA class transformer
2026-08-12T17:40:13.258+09:00  INFO 4540 --- [marinboy-v3] [           main] com.zaxxer.hikari.HikariDataSource       : HikariPool-1 - Starting...
2026-08-12T17:40:13.709+09:00  INFO 4540 --- [marinboy-v3] [           main] com.zaxxer.hikari.pool.HikariPool        : HikariPool-1 - Added connection oracle.jdbc.driver.T4CConnection@5534e6f1
2026-08-12T17:40:13.711+09:00  INFO 4540 --- [marinboy-v3] [           main] com.zaxxer.hikari.HikariDataSource       : HikariPool-1 - Start completed.
2026-08-12T17:40:13.947+09:00  WARN 4540 --- [marinboy-v3] [           main] org.hibernate.dialect.Dialect            : HHH000511: The 18.0.0 version for [org.hibernate.dialect.OracleDialect] is no longer supported, hence certain features may not work properly. The minimum supported version is 19.0.0. Check the community dialects project for available legacy versions.
2026-08-12T17:40:14.645+09:00  INFO 4540 --- [marinboy-v3] [           main] o.h.e.t.j.p.i.JtaPlatformInitiator       : HHH000489: No JTA platform available (set 'hibernate.transaction.jta.platform' to enable JTA platform integration)
2026-08-12T17:40:14.656+09:00  INFO 4540 --- [marinboy-v3] [           main] j.LocalContainerEntityManagerFactoryBean : Initialized JPA EntityManagerFactory for persistence unit 'default'
2026-08-12T17:40:15.155+09:00  WARN 4540 --- [marinboy-v3] [           main] JpaBaseConfiguration$JpaWebConfiguration : spring.jpa.open-in-view is enabled by default. Therefore, database queries may be performed during view rendering. Explicitly configure spring.jpa.open-in-view to disable this warning
2026-08-12T17:40:15.355+09:00  INFO 4540 --- [marinboy-v3] [           main] o.s.b.a.w.s.WelcomePageHandlerMapping    : Adding welcome page template: index
2026-08-12T17:40:16.468+09:00  INFO 4540 --- [marinboy-v3] [           main] o.s.b.w.embedded.tomcat.TomcatWebServer  : Tomcat started on port 8081 (http) with context path '/'
2026-08-12T17:40:16.478+09:00  INFO 4540 --- [marinboy-v3] [           main] com.marinboy.MarinboyApplication         : Started MarinboyApplication in 7.03 seconds (process running for 7.629)
2026-08-12T17:40:26.468+09:00  INFO 4540 --- [marinboy-v3] [nio-8081-exec-1] o.a.c.c.C.[Tomcat].[localhost].[/]       : Initializing Spring DispatcherServlet 'dispatcherServlet'
2026-08-12T17:40:26.468+09:00  INFO 4540 --- [marinboy-v3] [nio-8081-exec-1] o.s.web.servlet.DispatcherServlet        : Initializing Servlet 'dispatcherServlet'
2026-08-12T17:40:26.471+09:00  INFO 4540 --- [marinboy-v3] [nio-8081-exec-1] o.s.web.servlet.DispatcherServlet        : Completed initialization in 2 ms
[INFO] ------------------------------------------------------------------------
[INFO] BUILD FAILURE
[INFO] ------------------------------------------------------------------------
[INFO] Total time:  02:20 min
[INFO] Finished at: 2026-08-12T17:42:25+09:00
[INFO] ------------------------------------------------------------------------
[ERROR] Failed to execute goal org.springframework.boot:spring-boot-maven-plugin:3.3.5:run (default-cli) on project marinboy-v3: Process terminated with exit code: -1 -> [Help 1]
[ERROR] 
[ERROR] To see the full stack trace of the errors, re-run Maven with the -e switch.
[ERROR] Re-run Maven using the -X switch to enable full debug logging.
[ERROR] 
[ERROR] For more information about the errors and possible solutions, please read the following articles:
[ERROR] [Help 1] http://cwiki.apache.org/confluence/display/MAVEN/MojoExecutionException
MAVEN/MojoExecutionException
